// Jest Snapshot v1, https://goo.gl/fbAQLP

exports[`createActionR should correctly merge action's properties 1`] = `
Object {
  "meta": Object {
    "exec": "EXEC_TYPE",
    "obj": Object {
      "inner": 10,
    },
    "target": "target",
    "value": 100,
  },
  "payload": Object {
    "data": 10,
  },
  "type": "ACTION_TRIGGER",
}
`;

exports[`createActionR should correctly merge custom action's properties 1`] = `
Object {
  "actionOne": Object {
    "customProp": Object {
      "value": 42,
    },
    "meta": Object {
      "exec": "MY_EXEC",
      "target": "MY_TARGET",
    },
    "payload": undefined,
    "type": "MY_TRIGGER",
  },
  "actionTwo": Object {
    "customProp": Object {
      "value": 42,
    },
    "meta": Object {
      "exec": "MY_EXEC",
      "target": "MY_TARGET",
      "val": "meta-val",
    },
    "payload": Object {
      "data": "payload-data",
    },
    "type": "MY_TRIGGER",
  },
}
`;

exports[`createActionR should override action's target 1`] = `"OK_TARGET"`;

exports[`createActionR should override action's type 1`] = `"OK"`;

exports[`createActionR should return function when called once 1`] = `"function"`;

exports[`createActionR should return function when called twice 1`] = `"function"`;

exports[`createActionR should return object when called thrice 1`] = `"object"`;

exports[`createActionR should set action's meta.target 1`] = `"OK_TARGET"`;

exports[`createActionR should set action's type 1`] = `"@@REDAIM-TRIGGER-UNKNOWN"`;

exports[`createActionR should set exec to default value if not specified 1`] = `"@@REDAIM-ACTION-UNKNOWN"`;

exports[`createActionR should set target to default value if not specified 1`] = `"@@REDAIM-TARGET-UNKNOWN"`;

exports[`createActionR should set trigger to default value if not specified 1`] = `"@@REDAIM-TRIGGER-UNKNOWN"`;

exports[`createActionR should use exec from root 1`] = `"EXEC_FROM_ROOT"`;
